
projectname
lisp
modulesimport
((loader files)
 (bnkern)
 (virwindow virutil)
 (virutil)
 (virtty files)
 (virmenu virutil)
 (virmacros)
 (virinit files virutil virbit virwindow virgraph virevent vircolor virmenu)
 (virgraph virutil)
 (virevent virutil virwindow)
 (virdraw virutil)
 (vircolor virutil)
 (virbitmap
     virinit
     virmenu
     vircolor
     virbit
     virevent
     virdraw
     virgraph
     virwindow)
 (virbit virutil vircolor)
 (ttywindow virbitmap defstruct virtty)
 (trace toplevel defs virbitmap files messages)
 (topwin pepe virbitmap files)
 (toplevel messages)
 (stringio)
 (sort)
 (sets)
 (setf)
 (schedule debug)
 (ratio genr)
 (product hash date)
 (pretty files)
 (pepe files)
 (peephole)
 (path callext defstruct)
 (module files)
 (minimore)
 (microceyx abbrev defstruct)
 (messages)
 (llpboot callext)
 (llcp files loader pretty messages toplevel)
 (libdate date messages path callext)
 (libcir)
 (hash setf cpmac)
 (genr)
 (genarith)
 (format)
 (files)
 (fasl)
 (evloop virbitmap)
 (edlin)
 (defstruct)
 (defs cpmac)
 (debug files virtty virbitmap pretty)
 (date messages)
 (cpmac)
 (complex genr)
 (callext sort)
 (bnz bnkern bngen bnn)
 (bnq bngen bnz)
 (bnn bnkern)
 (bngen)
 (array)
 (abbrev))
modulesexport
((loader loader loaderesolve #:ldsparc:mem #:ldsparc:debug)
 (bnkern bnsettozero
         bnassign
         bnsetdigit
         bngetdigit
         bnnumdigits
         bnnumleadingzerobitsindigit
         bndoesdigitfitinword
         bnisdigitzero
         bnisdigitnormalized
         bnisdigitodd
         bncomparedigits
         bncomplement
         bnanddigits
         bnordigits
         bnxordigits
         bnshiftleft
         bnshiftright
         bnaddcarry
         bnadd
         bnsubtractborrow
         bnsubtract
         bnmultiplydigit
         bndividedigit
         bnalloc
         bncreate
         bnfree
         bngettype
         bnsettype
         bngetsize
         #:n:prin)
 (virwindow
     #:window:create
     #:window:prin
     #:image:rectangle:window:prin
     create-window
     create-subwindow
     make-window
     current-window
     modify-window
     update-window
     kill-window
     current-keyboard-focus-window
     pop-window
     move-behind-window
     find-window
     map-window
     windowp
     subwindowp
     check-window-position
     define-window-property-accessor
     #:image:rectangle:window:set-property
     #:image:rectangle:window:create
     #:image:rectangle:window:make-window
     #:image:rectangle:window:current-window
     #:image:rectangle:window:uncurrent-window
     #:image:rectangle:window:modify-window
     #:image:rectangle:window:update-window
     #:image:rectangle:window:kill-window
     #:image:rectangle:window:pop-window
     #:image:rectangle:window:move-behind-window
     #:image:rectangle:window:current-keyboard-focus-window
     #:image:rectangle:window:uncurrent-keyboard-focus-window
     #:image:rectangle:window:map-window
     move-window
     resize-window
     move-resize-window
     window-events-list
     window-title
     window-state
     window-background
     window-border
     #:image:rectangle:window:move-window
     #:image:rectangle:window:resize-window
     #:image:rectangle:window:move-resize-window
     #:image:rectangle:window:window-events-list
     #:image:rectangle:window:window-title
     #:image:rectangle:window:window-state
     #:image:rectangle:window:window-background
     #:image:rectangle:window:window-border
     window-clear-region
     #:image:rectangle:window:window-clear-region
     window-graph-env
     #:image:rectangle:window:window-graph-env
     window-change-attributes
     #:image:rectangle:window:window-change-attributes)
 (virutil current-display
          #:image:rectangle:make
          #:image:rectangle:window:make
          #:menu:make
          #:menu:item:make
          #:menu:itemlist:make
          #:graph-env:make
          #:color:make
          #:bitmap:make
          #:bitmap:stipple:make
          #:bitmap:bytemap:make
          #:window:background
          #:font-info:make
          #:event:make)
 (virtty tyod
         #:tty:tyod
         typrologue
         tyepilogue
         tycleol
         tycleos
         tybeep
         tyinsch
         tydelch
         tyinscn
         tydelcn
         #:tty:tyinscn
         tyerror
         #:tty:tydelcn
         tyinsln
         tydelln
         tyattrib
         tybs
         tycr
         tyshowcursor
         tyname
         tyxmax
         tyymax
         tyupkey
         tydownkey
         tyleftkey
         tyrightkey
         #:tty:typrologue
         #:tty:tyepilogue
         #:tty:tycleol
         #:tty:tycleos
         #:tty:tybeep
         #:tty:tyinsch
         #:tty:tydelch
         #:tty:tyinsln
         #:tty:tydelln
         #:tty:tyattrib
         #:tty:tybs
         #:tty:tycr
         #:tty:tyshowcursor
         tyco
         tycot
         initty
         #:tty:tyerror
         to-tty
         get-tty)
 (virmenu create-menu
          menu-insert-item-list
          menu-insert-item
          kill-menu
          activate-menu
          menu-delete-item-list
          menu-delete-item
          menu-modify-item-list
          menu-modify-item)
 (virmacros
     #:display:defun
     #:display:internal-current-display
     defconstant
     #:display:define-draw
     #:display:define-draw-no-default
     #:display:define-n
     #:display:define-0
     #:display:define-string-func
     #:display:define-graph-env
     #:display:define-default-method
     #:fix:assert
     #:number:assert
     #:string:assert
     #:cons:assert
     #:symbol:assert
     #:vector:assert
     #:mode:assert
     #:pattern:assert
     #:cursor:assert
     #:font:assert
     #:line-style:assert
     #:display:assert
     #:display:assert-current
     #:menu:assert
     #:color:assert
     #:color:assert-mutable
     #:bitmap:assert
     #:bitmap:assert-same-display
     #:bitmap:assert-in
     #:stipple:assert
     #:fill-mode:assert
     #:window:assert
     #:window:assert-same-display
     #:graph-env:assert)
 (virinit inibitmap
          bitprologue
          #:display:bitprologue
          bitepilogue
          #:display:bitepilogue
          bitmap-save
          standard-roman-font
          standard-bold-font
          large-roman-font
          small-roman-font
          bitmap-restore
          root-window
          standard-foreground
          standard-background
          bitxmax
          bitymax
          bitmap-refresh
          bitmap-flush
          bitmap-sync
          standard-foreground-pattern
          standard-background-pattern
          standard-medium-gray-pattern
          standard-light-gray-pattern
          standard-dark-gray-pattern
          standard-lelisp-cursor
          standard-gc-cursor
          standard-busy-cursor
          #:display:bitmap-save
          #:display:bitmap-restore
          #:display:current-display
          #:display:prin
          display-get-selection
          display-store-selection
          #:display:get-selection
          #:display:store-selection
          display-depth
          #:display:display-depth
          #:display:bitmap-refresh
          #:display:bitmap-flush
          #:display:bitmap-sync
          #:display:standard-roman-font
          #:display:standard-bold-font
          #:display:large-roman-font
          #:display:small-roman-font
          #:display:standard-foreground-pattern
          #:display:standard-background-pattern
          #:display:standard-medium-gray-pattern
          #:display:standard-light-gray-pattern
          #:display:standard-dark-gray-pattern
          #:display:standard-lelisp-cursor
          #:display:standard-gc-cursor
          #:display:standard-busy-cursor
          display-synchronize
          #:display:synchronize
          default-window-type
          #:display:default-window-type)
 (virgraph
     create-stipple
     create-stipple16
     make-stipple-bitmap
     make-stipple
     make-stipple-2
     current-stipple
     current-fill-mode
     kill-stipple
     graph-env-stipple
     graph-env-fill-mode
     #:display:create-stipple
     #:display:kill-stipple
     #:display:current-fill-mode
     #:display:current-stipple
     #:display:graph-env-stipple
     #:display:graph-env-fill-mode
     #:display:font-ascent
     #:display:font-height
     current-foreground
     current-background
     clear-graph-env
     current-clip
     current-font
     font-max
     load-font
     font-name
     font-height
     font-ascent
     width-substring
     height-substring
     x-base-substring
     y-base-substring
     x-inc-substring
     y-inc-substring
     current-line-style
     line-style-max
     current-pattern
     pattern-max
     make-pattern
     current-mode
     current-arc-mode
     width-space
     height-space
     x-base-space
     y-base-space
     cursor-max
     current-cursor
     move-cursor
     cursor-name
     make-cursor
     make-named-cursor
     make-line-style
     graph-env-line-style
     graph-env-set-clip
     make-graph-env
     kill-graph-env
     graph-env-font
     graph-env-mode
     graph-env-arc-mode
     graph-env-pattern
     graph-env-background
     graph-env-foreground
     #:display:make-line-style
     #:display:graph-env-set-clip
     #:display:make-graph-env
     #:display:kill-graph-env
     #:display:current-foreground
     #:display:current-background
     #:display:clear-graph-env
     #:display:current-clip
     #:display:current-font
     #:display:font-max
     #:display:load-font
     #:display:width-substring
     #:display:height-substring
     #:display:x-base-substring
     #:display:y-base-substring
     #:display:x-inc-substring
     #:display:y-inc-substring
     #:display:current-line-style
     #:display:line-style-max
     #:display:current-pattern
     #:display:pattern-max
     #:display:make-pattern
     #:display:current-mode
     #:display:current-arc-mode
     #:display:cursor-max
     #:display:make-cursor
     #:display:make-named-cursor
     #:display:current-cursor
     #:display:cursor-name
     #:display:move-cursor
     #:display:graph-env-font
     #:display:graph-env-mode
     #:display:graph-env-arc-mode
     #:display:graph-env-pattern
     #:display:graph-env-foreground
     #:display:graph-env-background
     #:display:graph-env-set-clips
     graph-env-set-clips
     current-graph-env
     graph-env-change-values
     #:display:graph-env-change-values
     graph-env-subwindow-mode
     #:display:graph-env-subwindow-mode
     #:display:graph-env-line-style
     display-get-font-names
     display-get-font-info
     #:display:get-font-names
     #:display:get-font-info)
 (virevent
     which-window
     read-mouse
     event-mode
     eventp
     read-event
     peek-event
     local-read-event
     flush-event
     add-event
     grab-event
     ungrab-event
     itsoft-event
     allow-event
     disallow-event
     allowed-event-p
     #:display:event-mode
     #:display:eventp
     #:display:read-event
     #:display:peek-event
     #:display:flush-event
     #:display:add-event
     #:display:grab-event
     #:display:ungrab-event
     #:display:isoft-event
     #:display:allow-event
     #:display:disallow-event
     #:display:allowed-event-p
     #:display:read-mouse)
 (virdraw draw-cursor
          draw-substring
          draw-cn
          draw-substring-nobackground
          draw-cn-nobackground
          #:display:draw-substring-nobackground
          #:display:draw-cn-nobackground
          draw-point
          draw-polymarker
          draw-line
          draw-polyline
          draw-rectangle
          fill-rectangle
          fill-area
          draw-ellipse
          fill-ellipse
          draw-circle
          fill-circle
          #:display:draw-cursor
          #:display:draw-cn
          #:display:draw-substring
          #:display:draw-point
          #:display:draw-polymarker
          #:display:draw-line
          #:display:draw-polyline
          #:display:draw-rectangle
          #:display:fill-area
          #:display:fill-rectangle
          #:display:draw-ellipse
          #:display:fill-ellipse
          #:display:fill-circle
          #:display:draw-circle
          draw-string
          fill-arc
          draw-arc
          draw-segments
          #:display:draw-arc
          #:display:draw-segments
          #:display:fill-arc
          highlight-rectangle
          #:display:highlight-rectangle
          draw-rectangles
          #:display:draw-rectangles
          fill-rectangles
          #:display:fill-rectangles)
 (vircolor
     #:color:prin
     make-color
     make-mutable-color
     make-named-color
     kill-color
     red-component
     blue-component
     green-component
     all-colors
     name-to-rgb
     get-rgb-values)
 (virbitmap
     (structure font-info)
     (structure event)
     (structure #:image:rectangle)
     (structure display)
     #:font-info:maxwidth
     #:font-info:maxdescent
     #:font-info:maxascent
     #:font-info:maxlbearing
     #:font-info:maxrbearing
     #:font-info:minwidth
     #:font-info:mindescent
     #:font-info:minascent
     #:font-info:minlbearing
     #:font-info:minrbearing
     #:font-info:weight
     #:font-info:angle
     #:font-info:descent
     #:font-info:ascent
     #:font-info:make
     #:image:rectangle:h
     #:image:rectangle:w
     #:image:rectangle:y
     #:image:rectangle:x
     #:image:rectangle:make
     #:event:b
     #:event:h
     #:event:w
     #:event:y
     #:event:x
     #:event:gy
     #:event:gx
     #:event:detail
     #:event:window
     #:event:code
     #:event:make
     #:display:stipple-bitmaps
     #:display:named-cursors
     #:display:resource
     #:display:current-selection
     #:display:graph-envs
     #:display:extend
     #:display:cursor-bitmaps
     #:display:pattern-bitmaps
     #:display:font-names
     #:display:colors
     #:display:menus
     #:display:bitmaps
     #:display:windows
     #:display:foreground
     #:display:background
     #:display:main-graph-env
     #:display:root-window
     #:display:graph-env
     #:display:window
     #:display:keyboard-focus-window
     #:display:prologuep
     #:display:eventmode
     #:display:ymax
     #:display:xmax
     #:display:device
     #:display:package
     #:display:name
     #:display:make
     #:image:rectangle:window:title
     #:image:rectangle:window:hilited
     #:image:rectangle:window:visible
     #:image:rectangle:window:graph-env
     #:image:rectangle:window:extend
     #:image:rectangle:window:father
     #:image:rectangle:window:properties
     #:image:rectangle:window:cursor
     #:image:rectangle:window:display
     #:image:rectangle:window:subwindows
     #:image:rectangle:window:events-list
     #:image:rectangle:window:window-type
     #:image:rectangle:window:graphic-properties
     #:image:rectangle:window:state
     #:color:name
     #:color:red
     #:color:green
     #:color:blue
     #:color:mutable
     #:color:display
     #:color:extend
     #:graph-env:font
     #:graph-env:line-style
     #:graph-env:pattern
     #:graph-env:mode
     #:graph-env:arc-mode
     #:graph-env:foreground
     #:graph-env:background
     #:graph-env:clip-x
     #:graph-env:clip-y
     #:graph-env:clip-w
     #:graph-env:clip-h
     #:graph-env:bitmap
     #:graph-env:display
     #:graph-env:extend
     #:graph-env:fill-mode
     #:graph-env:stipple
     #:menu:title
     #:menu:itemlists
     #:menu:display
     #:menu:extend
     #:menu:itemlist:name
     #:menu:itemlist:active
     #:menu:itemlist:items
     #:menu:item:name
     #:menu:item:active
     #:menu:item:value
     #:bitmap:w
     #:bitmap:h
     #:bitmap:extend
     #:bitmap:display
     #:bitmap:stipple:data
     #:window:events-list
     #:window:background
     #:window:window-type
     #:window:graphic-properties
     #:window:state
     #:window:make
     #:window:left
     #:window:top
     #:window:width
     #:window:height
     #:window:title
     #:window:hilited
     #:window:visible
     #:window:graph-env
     #:window:extend
     #:window:father
     #:window:properties
     #:window:cursor
     #:window:display
     #:window:subwindows)
 (virbit #:bitmap:bits
         create-bitmap
         window-bitmap
         kill-bitmap
         bmref
         bmset
         bitblit
         #:sharp:*
         #:bitvector:read
         #:sharp:B
         #:bitvector:prin
         #:bitmap:prin
         byteref
         byteset
         #:bitmap:bytemap:prin
         #:bitmap:bytes
         create-bytemap
         substitute-color
         subst-colors
         bitmap-prologue
         #:display:subst-colors)
 (ttywindow
     (structure #:image:rectangle:window:tty)
     #:image:rectangle:window:tty:itsoft
     #:image:rectangle:window:tty:tty
     #:image:rectangle:window:tty:tyshowcursor
     #:image:rectangle:window:tty:rmargin
     #:image:rectangle:window:tty:lmargin
     #:image:rectangle:window:tty:cy
     #:image:rectangle:window:tty:cx
     #:image:rectangle:window:tty:state
     #:image:rectangle:window:tty:graphic-properties
     #:image:rectangle:window:tty:window-type
     #:image:rectangle:window:tty:events-list
     #:image:rectangle:window:tty:subwindows
     #:image:rectangle:window:tty:display
     #:image:rectangle:window:tty:cursor
     #:image:rectangle:window:tty:properties
     #:image:rectangle:window:tty:father
     #:image:rectangle:window:tty:extend
     #:image:rectangle:window:tty:graph-env
     #:image:rectangle:window:tty:visible
     #:image:rectangle:window:tty:hilited
     #:image:rectangle:window:tty:title
     #:image:rectangle:window:tty:h
     #:image:rectangle:window:tty:w
     #:image:rectangle:window:tty:y
     #:image:rectangle:window:tty:x
     #:image:rectangle:window:tty:make
     #:image:rectangle:window:tty:create
     #:image:rectangle:window:tty:current-window
     #:image:rectangle:window:tty:uncurrent-window
     #:image:rectangle:window:tty:modify-window
     #:tty:window:tycn
     #:tty:window:tystring
     #:tty:window:tynewline
     #:tty:window:tybs
     #:tty:window:tycr
     #:tty:window:tycleol
     #:tty:window:tycls
     #:tty:window:tyattrib
     #:tty:window:tyi
     #:tty:window:tys
     #:tty:window:tycursor
     #:tty:window:tyback
     #:tty:window:tydelcn
     #:tty:window:tyinscn)
 (trace trace
        #:trace:trace-one
        #:trace:untrace-one
        untrace
        step
        unstep
        cstep
        #:step:stepeval
        tracend
        stepend
        debugend
        #:trace:output)
 (topwin topwindow)
 (toplevel catcherror errset err break syserror printerror toplevel)
 (stringio
     read-from-string
     with-input-from-string
     print-to-string
     with-output-to-string
     #:stringio:bol
     #:stringio:in:bol
     #:stringio:in:syserror
     #:stringio:out:eol
     #:stringio:out:flush
     #:stringio:out:syserror)
 (sort sort sortl sortn sortlt sortp pkgcmp)
 (sets intersection
       nintersection
       union
       nunion
       set-difference
       nset-difference
       set-exclusive-or
       nset-exclusive-or
       adjoin
       subsetp
       set-equal
       transitive-closure
       power-set
       cartesian-product)
 (setf setf
       get-setf-method
       defsetf
       define-setf-method
       push-setf-inverse
       system-put
       push-setf-method
       push-setf-expander
       define-modify-macro
       #:setf:make-call)
 (schedule
     clock
     clockstart
     clockstop
     parallel
     parallelvalues
     tryinparallel
     progn-no-suspend
     letparallel)
 (ratio pgcd
        gcd
        fib
        fact
        numerator
        denominator
        even?
        #:r:q:rationalp
        #:r:q:n:integerp
        #:r:q:z:integerp
        #:r:q:/:integerp
        #:r:q:n:abs
        #:r:q:z:abs
        #:r:q:/:abs
        #:r:q:truncate
        #:r:q:/:truncate
        #:r:q:n:float
        #:r:q:z:float
        #:r:q:/:float
        #:r:q:n:|0-|
        #:r:q:z:|0-|
        #:r:q:/:|0-|
        #:r:q:n:1/
        #:r:q:z:1/
        #:r:q:/:1/
        #:r:q:n:<?>
        #:r:q:z:<?>
        #:r:q:/:<?>
        #:r:q:n:|+|
        #:r:q:z:|+|
        #:r:q:/:|+|
        #:r:q:n:*
        #:r:q:z:*
        #:r:q:/:*
        #:r:q:n:quomod
        #:r:q:z:quomod
        #:r:q:n:prin
        #:r:q:z:prin
        #:r:q:/:prin
        #:fix:|+|
        #:fix:|-|
        #:fix:/
        #:fix:1/
        #:fix:*
        #:fix:quomod
        #:float:truncate
        #:float:quomod)
 (product product-build-info
          product-id
          set-product-id
          product-date
          set-product-date
          product-version
          set-product-version
          product-subversion
          set-product-subversion
          product-comment
          set-product-comment
          product-all-names
          product-print)
 (pretty pretty pprint pprin prettyf prettyend #:pretty:eol)
 (pepe pepe
       pepefile
       #:pepe:clrscreen
       #:pepe:readfile
       #:pepe:redisplay
       #:pepe:fillminibufnb
       #:pepe:pepecmd
       #:pepe:insertchar
       pepend
       defkey
       defesckey
       #:pepe:eval:eol
       #:pepe:escommand
       #:pepe:trueredisplay
       #:pepe:fillminibuf
       #:pepe:more
       #:pepe:readname
       #:pepe:deadend
       #:pepe:currentline
       #:pepe:currentlines
       #:pepe:cursor
       #:pepe:bolp
       #:pepe:eolp
       #:pepe:bobp
       #:pepe:eobp
       #:pepe:bosp
       #:pepe:eosp
       #:pepe:left
       #:pepe:up
       #:pepe:endline
       #:pepe:right
       #:pepe:begline
       #:pepe:down
       #:pepe:nextscreen
       #:pepe:prevscreen
       #:pepe:deletechar
       #:pepe:breakline
       #:pepe:killine
       #:pepe:search
       #:pepe:gotoabs
       #:pepe:matchparent
       #:pepe:curlexnext
       #:pepe:curchar
       #:pepe:writefile
       #:pepe:insertfile
       #:pepe:backup
       #:pepe:help
       #:pepe:evalbuffer
       #:pepe:evalbuffer:bol
       #:pepe:evalbuffer:syserror
       #:pepe:evalbuffer:eol)
 (peephole #:compiler:peephole)
 (path pathnamep
       namestring
       pathname
       #:unix:pathname
       set-pathname-device
       equal-pathname
       copy-pathname
       pathname-directory
       set-pathname-directory
       user-homedir-pathname
       control-file-pathname
       merge-pathnames
       temporary-file-pathname
       portable-pathname-p
       pathname-host
       pathname-device
       pathname-name
       pathname-type
       pathname-version
       set-pathname-host
       set-pathname-name
       set-pathname-type
       set-pathname-version
       #:pathname:make
       make-pathname
       file-namestring
       directory-namestring
       host-namestring
       combine-pathnames
       enough-namestring
       device-namestring
       #:pathname:prin
       true-pathname
       current-directory
       directoryp
       expand-pathname
       map-expand-pathname
       wildcard
       coerce-namestring)
 (module readdefmodule
         getdefmodule
         setdefmodule
         printdefmodule
         #:module:bol
         loadmodule
         autoloadmodule
         #:module:std-autoload
         autoloadp)
 (minimore more morend #:minimore:bol #:minimore:eol)
 (microceyx
     deftclass
     tclass-namep
     defrecord
     record-namep
     field-list
     defmake
     omakeq
     ogetq
     oputq
     omatchq
     demethod
     send-error
     sendq
     sendf
     sendfq
     plink)
 (messages
     record-language
     remove-language
     message-languages
     current-language
     get-message-p
     get-message
     put-message
     #:messages:put-message
     remove-message
     get-all-messages
     defmessage
     #:sharp:m
     default-language)
 (llpboot setfn #:llpatch:new-rmargin lmnumb lmaccess llnumb lmsymb)
 (llcp dont-compile
       compile
       compiler
       #:compiler:macroexpand
       #:compiler:peephole
       compilefiles
       compile-all-in-core
       defmacro-open
       make-macro-open
       macro-openp
       remove-macro-open
       #:compiler:macro-expand-error)
 (libdate long-string-date
          number-to-date
          date-to-number
          eqdate
          =date
          <date
          <=date
          >date
          >=date
          /=date
          date-of-file)
 (libcir cirprint
         cirprin
         cirprinflush
         cirnequal
         cirequal
         circopy
         #:libcir:double
         #:libcir:replace)
 (hash hash-table-p
       make-hash-table
       make-hash-table-eq
       make-hash-table-equal
       #:sharp:|H|
       puthash
       sxhash
       #:hash-table:print-stat
       gethash
       inchash
       dechash
       remhash
       maphash
       clrhash
       hash-table-count
       hash-table-values
       #:hash-table:vect
       #:hash-table:prin
       #:hash-table:eval)
 (genr **
       precision
       #:r:|+|
       #:r:|-|
       #:r:*
       #:r:/
       #:r:<?>
       #:r:quomod
       #:r:power
       #:r:rationalp
       #:r:numberp
       #:r:eval
       #:r:integerp
       #:r:|0-|
       #:r:1/
       #:r:truncate
       #:r:exp
       #:r:log
       #:r:sqrt
       #:r:atan
       #:r:sin
       #:r:asin
       #:r:cos
       #:r:acos
       #:r:error
       #:float:<?>
       #:fix:<?>)
 (genarith
     #:genarith:|+|
     #:genarith:|-|
     #:genarith:*
     #:genarith:/
     #:genarith:quomod
     floor
     #:genarith:|0-|
     #:genarith:1/
     ceiling
     round)
 (format format prinf printf)
 (files probepathf
        search-in-path
        probepathm
        probepatho
        load
        loadfile
        libload
        libloadfile
        loadobjectfile
        autoload
        libautoload
        #:system:std-autoload
        featurep
        add-feature
        rem-feature
        list-features)
 (fasl #:fasl:fasl-write-block
       #:fasl:fasl-memo-eval-block
       #:fasl:fasl-record-fentry
       #:fasl:fasl-record-literal-reference
       #:fasl:fasl-record-symbol-reference
       #:fasl:fasl-emit-title-block)
 (evloop #:event-loop:tty-input
         evloop-set-timeout
         evloop-select
         evloop-initialized-p
         evloop-remove-input
         evloop-stop
         evloop-wait
         evloop-readp
         evloop-add-input
         evloop-change-manage-function
         evloop-add-output
         evloop-remove-output
         evloop-change-output-manage-function
         evloop_build_mask
         evloop_mask_to_fds
         #:tty:evloop:tyi
         evloop-allow-tty-input
         evloop-disallow-tty-input
         evloop-restart
         evloop-init
         evloop-input-managed-p
         evloop-set-timeout-handler
         evloop-add-display
         evloop-remove-display
         evloop-display-managed-p
         #:event-loop:evloop-display-manage)
 (edlin #:edlin:bol
        #:edlin:move
        #:edlin:history:add
        #:edlin:delete
        edlin
        edlinend)
 (defstruct structurep defstruct new)
 (defs macroexpand
       macroexpand1
       with
       resetfn
       de
       df
       dm
       dmd
       defmacro
       defun
       ds
       letn
       slet
       for
       ifor
       ffor
       closure
       prog
       prog*
       do
       do*
       backtrack
       catch-all-but
       dynamic)
 (debug debug
        break
        debug-command
        #:system:debug:up-stack
        printstack
        #:system:debug:bol
        #:system:debug:toplevel
        #:system:debug:hilited:prin
        #:system:debug:print-current-variables
        #:system:debug:printstack
        #:system:debug:print-error
        #:system:debug:print-current-function
        #:system:debug:down-stack
        #:system:debug:continue
        #:system:debug:help
        #:tty:system:hilited:tyattrib
        #:system:debug:hilited:eol)
 (date (structure date)
       #:date:week-day
       #:date:msecond
       #:date:second
       #:date:minute
       #:date:hour
       #:date:day
       #:date:month
       #:date:year
       #:date:make
       create-date
       week-day-number
       datep
       leap-number
       year-day-number
       month-length
       leap-year-p
       short-string-date
       #:date:prin)
 (cpmac defmacro-open
        make-macro-open
        macro-openp
        remove-macro-open
        #:compiler:macroexpand)
 (complex complexp
          realp
          realpart
          imagpart
          conjugate
          sinh
          cosh
          tanh
          asinh
          acosh
          atanh
          tan
          makecomplex
          #:r:c:realp
          #:r:c:float
          #:r:c:truncate
          #:r:c:<?>
          #:r:c:|+|
          #:r:c:|0-|
          #:r:c:*
          #:r:c:1/
          #:r:c:prin
          #:r:c:abs
          phase
          signum
          cis
          #:r:c:log
          #:r:c:exp
          #:r:c:sqrt
          #:r:c:sin
          #:r:c:cos
          #:r:c:atan
          #:r:log
          #:fix:log
          #:float:log
          #:r:sqrt
          #:fix:sqrt
          #:float:sqrt
          #:r:asin
          #:fix:asin
          #:float:asin
          #:r:acos
          #:fix:acos
          #:float:acos
          #:r:|+|
          #:r:*
          #:r:<?>)
 (callext defextern
          getinlib
          buildextern
          #:system:cached-getglobal
          cload
          defextern-cache
          calllibextern)
 (bnz bzcopy
      bznegate
      bzabs
      bzsign
      bzcompare
      bzadd
      bzsubtract
      bzmultiply
      bzdiv
      bzdivide
      bzmod
      bnconvert
      #:fix:|+|
      #:fix:|-|
      #:fix:*
      #:fix:quomod
      #:r:q:integerp
      #:r:q:truncate
      #:r:q:n:abs
      #:r:q:n:|0-|
      #:r:q:n:float
      #:r:q:n:<?>
      #:r:q:n:|+|
      #:r:q:n:|-|
      #:r:q:n:*
      #:r:q:n:quomod
      entretampon
      #:r:q:z:abs
      #:r:q:z:|0-|
      #:r:q:z:float
      #:r:q:z:<?>
      #:r:q:z:|+|
      #:r:q:z:|-|
      #:r:q:z:*
      #:r:q:n:sqrt
      #:r:q:z:quomod
      pgcd
      gcd
      fib
      nfib
      fact
      nfact
      even?
      **
      #:r:q:n:prin
      #:r:q:z:prin
      #:r:q:boot
      #:sharp:|{|)
 (bnq numerator
      denominator
      #:fix:1/
      #:fix:/
      #:r:q:quomod
      #:r:q:rationalp
      #:r:q:n:1/
      #:r:q:z:1/
      #:r:q:/:integerp
      #:r:q:/:1/
      #:r:q:/:|0-|
      #:r:q:/:abs
      #:r:q:/:floor
      #:r:q:/:truncate
      #:r:q:/:float
      #:r:q:/:<?>
      #:r:q:/:|+|
      #:r:q:/:*
      #:r:q:/:sqrt
      #:r:q:/:prin)
 (bnn bniszero
      bncompare
      bnnumbitsindigit
      bnnumbits
      bndivide
      bnmultiply
      bnmultiplyplain
      bnmultiplykaratsuba
      bnkaraswitch
      #:n:boot)
 (bngen floor
        #:r:error
        ceiling
        round
        precision
        #:r:|-|
        #:r:/
        #:r:quomod
        #:r:eval
        #:r:numberp
        #:r:integerp
        #:r:rationalp
        #:r:truncate
        #:float:*
        #:float:|+|
        #:float:<?>
        #:float:quomod
        #:float:floor
        #:float:truncate
        #:fix:<?>)
 (array makearray aref aset)
 (abbrev defabbrev
         put-abbrev
         rem-abbrev
         get-abbrev
         abbrevp
         has-an-abbrev
         #:symbol:prin))
modulesotherdef
((abbrev |}| |{|) (hash #:sharp:|H|))
modulesinternal
((bngen ftrunc)
 (bnn ndivide #:n:entretampon b+b*b_kara fix->n)
 (bnq qx
      #:r:q:/x
      #:r:q:/:make
      #:r:q:/:q+z
      #:r:q:/:q*z
      ecrit-fc
      division-
      ecrit-10)
 (bnz zcopy
      0-n
      z+z
      z-z
      z*z
      zfloat
      z?z
      #:r:q:n:nquomodn
      -cquoc
      -cquo-c
      #:fix:pgcd
      fixpgcdfix
      fixpgcd
      #:r:q:z:pgcd
      #:r:q:n:pgcd
      bngcd
      fibexp
      #:r:q:**n
      nprin
      makeobase**k
      c2string
      makeibase**k
      #:r:q:reversebuf
      #:r:q:stringtodigit)
 (callext buildlibextern
          #:callext:build
          #:callext:build-parameter-list
          #:callext:conv-extern-to-ll
          #:callext:conv-ll-to-extern
          llgetinlib
          llcload
          getglobal-flush-cache
          llmgetglo
          #:callext:flush-cache)
 (complex #:r:c:make #:r:c:module2 #:r:c:arctan #:r:c:cis)
 (cpmac #:compiler:macroexpand-internal
        #:compiler:macroexpand-internal-open
        #:compiler:macroexpand-internal-close
        #:compiler:mc:cond
        #:compiler:mc:dynamic-let
        #:compiler:mc:dynamic
        #:compiler:map
        #:compiler:map-result
        #:compiler:map-while
        #:compiler:map-next-res
        #:compiler:map-funcall
        #:compiler:map-next-arg
        #:compiler:mapvector
        #:compiler:mc:catcherror
        #:compiler:mc:errset
        #:compiler:mc:eval-when
        #:compiler:mc:time)
 (debug #:system:debug:break-loop
        #:system:debug:create-break-window
        #:system:debug:init-stack
        #:system:debug:is-a-struct-access
        #:system:debug:find-function
        #:system:debug:has-function-definition
        #:system:debug:findfn
        #:system:debug:stack-in-error
        #:system:debug:cut-to-toplevel
        #:system:debug:is-at-toplevel
        #:system:debug:find-syserror
        #:system:debug:find-break
        #:system:debug:remove-fn
        #:system:debug:is-in-lvalfn
        #:system:debug:up-frame-list
        #:system:debug:bind/unbind
        #:system:debug:exchange-arguments
        #:system:debug:cval
        #:system:debug:scval
        #:system:debug:is-hidden-block
        #:system:debug:print-variables
        #:system:debug:print-arguments
        #:system:debug:getdef
        #:system:debug:get-plist-def
        #:system:debug:print-filtered
        #:system:debug:flush-hilited
        #:system:debug:hilited:make
        #:system:debug:hilite-expr
        substq
        #:system:debug:current-expr
        #:system:debug:find-expr
        #:system:debug:find-tree
        #:system:debug:find-tree1
        #:system:debug:find-error)
 (defs #:system:resetfn
       #:system:def-check-all
       #:system:def-check-larg
       #:system:def-check-larg-aux
       #:system:generate-for-1
       #:system:generate-for-2
       #:system:generate-for-3
       #:system:generate-block
       #:system:generate-block-aux
       #:system:generate-tagbody)
 (edlin #:edlin:history:endp
        #:edlin:do-command
        #:edlin:image:move
        #:edlin:store-line
        #:edlin:history:last
        #:edlin:util:delete-in-string
        #:edlin:image:delete
        #:edlin:image:redisplay-eol
        #:edlin:image:tycleol
        #:edlin:delete-end-of-line
        #:edlin:delete-without-redisplay
        #:edlin:image:delete-without-redisplay
        #:edlin:delete-begining-of-line
        #:edlin:insert-substring
        #:edlin:insert
        #:edlin:util:insert-in-string
        #:edlin:image:insert
        #:edlin:replace-string
        #:edlin:redisplay
        #:edlin:image:redisplay
        #:edlin:history:previous
        #:edlin:history:next
        #:edlin:do-esc-command
        #:edlin:work-on
        #:edlin:backword
        #:edlin:alphap
        #:edlin:forword
        #:edlin:delete-backword
        #:edlin:history:show
        #:edlin:history:show-aux
        #:edlin:delete-forword
        #:edlin:history:first
        #:edlin:history:find
        #:edlin:find-in-oblist
        #:edlin:search-in-oblist
        #:edlin:comm-string
        #:edlin:backwardparen
        #:edlin:insert-rpar)
 (evloop is_ll_fg
         is_ll_foreground
         evloop_set_timeout
         evloop_select_in_out
         evloop_select_in
         #:event-loop:select-error
         evloop_get_errno
         #:event-loop:test-if-valid-fd
         evloop_test_if_valid_fd
         evloop_remove_file_descriptor
         evloop_busy_select
         #:event-loop:test-if-function-exist
         evloop_add_file_descriptor
         #:event-loop:init
         evloop_init
         evloop_get_out_mask)
 (files #:files:sip-string #:files:sip-path suffixe)
 (format #:format:format
         #:format:format1
         #:format:tilde-decode
         #:format:read-n
         #:format:format-ascii
         #:format:pad-4
         #:format:pad-4-loop
         #:format:format-pad
         #:format:pad
         #:format:format-sexpr
         #:format:format-decimal
         #:format:format-binary
         #:format:format-octal
         #:format:format-hexa
         #:format:format-radix
         #:format:format-plural
         #:format:format-char
         #:format:format-e-float
         #:format:float-pad
         #:format:float-exp
         #:format:float-e
         #:format:float-digits
         #:format:next-digits
         #:format:float-e-1
         #:format:format-f-float
         #:format:float-f
         #:format:format-g-float
         #:format:format-nl
         #:format:format-eol
         #:format:format-tilde
         #:format:format-tab
         #:format:format-ignore
         #:format:format-indirect
         #:format:format-ind-at
         #:format:format-ind-at1
         #:format:format-ind-list
         #:format:format-cond
         #:format:search-cond
         #:format:format-iter
         #:format:search-iter
         #:format:iter-colon
         #:format:iter-colon-loop
         #:format:iter
         #:format:iter-loop
         #:format:format-hat
         #:format:string)
 (genarith #:genarith:error)
 (genr #:r:**n)
 (hash #:hash-table:create-internal
       #:hash-table:make
       #:hash-table:default-size
       #:hash-table:compute-good-size
       #:hash-table:get-slot
       #:hash-table:get-slot-index
       #:hash-table:sxhash
       #:hash-table:hash-sequence
       #:hash-table:hash-sequence-list
       #:hash-table:hash-sequence-vector
       #:hash-table:hash-symbol
       #:hash-table:hash-string
       #:hash-table:hash-float
       #:hash-table:set-new-slot
       #:hash-table:growing-rehash
       #:hash-table:internal-rehash
       #:hash-table:rem-slot
       #:hash-table:shrinking-rehash)
 (libcir #:libcir:sweep
         #:libcir:unshared
         #:libcir:prin
         #:libcir:prin-sharp
         #:libcir:prin-one
         #:libcir:prin1
         #:libcir:prin-cdr
         #:libcir:equal
         #:libcir:copy)
 (libdate adjust-year
          adjust-day
          adjust-month
          prev-month
          next-month
          <?date
          getfdate)
 (llcp #:llcp:compileready
       #:llcp:compilindic
       #:llcp:compilindicaux
       #:llcp:warning
       #:llcp:compiledef
       #:llcp:compilefnt
       #:llcp:progn-last
       #:llcp:progn
       #:llcp:exp
       #:llcp:dirop
       #:llcp:diropreg
       #:llcp:mov
       #:llcp:cr
       #:llcp:error
       #:llcp:app-lambda
       #:llcp:add-code
       #:llcp:push
       #:llcp:expush
       #:llcp:diroporany
       #:compiler:macroexpand-internal
       #:compiler:macroexpand-internal-open
       #:compiler:macroexpand-internal-close
       #:compiler:mc:cond
       #:compiler:mc:dynamic-let
       #:compiler:mc:dynamic
       #:compiler:map
       #:compiler:map-result
       #:compiler:map-while
       #:compiler:map-next-res
       #:compiler:map-funcall
       #:compiler:map-next-arg
       #:compiler:mapvector
       #:compiler:mc:catcherror
       #:compiler:mc:errset
       #:compiler:mc:eval-when
       #:compiler:mc:time
       #:llcp:cr-any-reg
       #:llcp:movq
       #:llcp:cr-all-nil
       #:llcp:parano
       #:llcp:pushq
       #:llcp:pred
       #:llcp:quotep
       #:llcp:pred-list
       #:llcp:cr-list
       #:llcp:cr-intersect-list
       #:llcp:cr-intersect
       #:llcp:pred-list-aux2
       #:llcp:pred-list-aux3
       #:llcp:exp-2
       #:llcp:pop
       #:llcp:selectq
       #:llcp:eqp
       #:llcp:diropordest
       #:llcp:cr-forget
       #:llcp:expsubr-open
       #:llcp:exp-any
       #:llcp:cr-forget-cons
       #:llcp:exp-3
       #:llcp:specforminter
       #:llcp:expsubr
       #:llcp:call
       #:llcp:compilefile-intrf
       #:llcp:compilerout
       #:llcp:rerror)
 (llpboot lmalive)
 (microceyx
     #:microceyx:make-field-access
     #:microceyx:make-access
     #:microceyx:make-single-field-access
     #:microceyx:check-record-or-tclass
     #:microceyx:tclass-field-list
     #:microceyx:check-field
     #:microceyx:check-tclass)
 (module #:module:print-rest-of-keys
         #:module:loadmodule-aux
         #:module:find-object-file
         #:module:makeautoload
         filegetdef)
 (path #:unix:namestring
       #:unix:directory-namestring
       #:unix:file-namestring
       #:pathname:lastindex
       #:pathname:name*
       #:pathname:type*
       #:pathname:c-pathname
       #:unix:user-homedir-pathname
       #:unix:control-file-pathname
       #:unix:temporary-file-pathname
       #:vaxvms:pathname-check
       #:bsd:pathname-check
       #:sys5:pathname-check
       #:aegis:pathname-check
       #:dos:pathname-check
       #:unix:host-namestring
       #:unix:device-namestring
       #:unix:true-pathname
       #:unix:current-directory
       llgetwd
       cchdir
       #:unix:directoryp
       lldirectoryp
       #:unix:wild
       file-in-pattern
       #:c-wild:match-compile
       #:c-wild:expand-tree
       #:c-wild:wild-tree
       #:c-wild:get-directories
       llopendir
       llreaddir
       #:c-wild:match-step
       #:c-wild:match-sweep-string
       llclosedir
       #:c-wild:get-entries
       #:unix:map-wild)
 (pretty #:pretty:p
         #:pretty:inlinep
         #:pretty:progn
         #:pretty:lmargin
         #:pretty:p1
         #:pretty:cond
         #:pretty:pdot
         #:pretty:tagbody
         #:pretty:get-plist-def)
 (product #:product:gethash)
 (ratio #:n:fib
        #:n:|+|
        #:n:prof
        #:n:overflow
        #:n:c->c
        #:n:cc+c
        #:n:c+c
        #:n:c+rr
        #:n:*
        #:n:c*b
        #:n:cc*c+c
        #:n:c*c+c+c
        #:n:=0
        #:n:underflow
        #:n:|-|
        #:n:cc-c
        #:n:c-c
        #:n:c-rr
        nx
        #:n:fact
        qx
        #:n:float
        #:n:b
        #:n:<?>
        #:r:q:q?z
        #:r:q:c-c
        zx
        #:r:q:q+z
        #:r:q:q*z
        cquoc
        #:n:quomod
        #:n:cquob
        #:n:cdivb
        #:n:normalise
        #:n:**b
        #:n:ccdivc
        #:n:cccdivcc
        cquo-c
        -cquoc
        -cquo-c
        #:n:prin
        #:n:prin10
        #:n:prinb
        ecrit-fc
        division-
        ecrit-10
        ftrunc)
 (setf macro-function)
 (sets #:sets:intersection
       #:sets:member
       #:sets:member2
       #:sets:intersectionq
       #:sets:nintersection
       #:sets:nintersection2
       #:sets:nintersectionq
       #:sets:nintersection2q
       #:sets:union
       #:sets:adjoin
       #:sets:unionq
       #:sets:adjoinq
       #:sets:nunion
       #:sets:nunion2
       #:sets:delete
       #:sets:delete2
       #:sets:nunionq
       #:sets:nunion2q
       #:sets:set-difference
       #:sets:set-differenceq
       #:sets:nset-difference
       #:sets:nset-difference2
       #:sets:nset-differenceq
       #:sets:nset-difference2q
       #:sets:set-exclusive-or
       #:sets:set-exclusive-orq
       #:sets:nset-exclusive-or
       #:sets:nset-exclusive-or2
       #:sets:nset-remove
       #:sets:nset-exclusive-orq
       #:sets:nset-exclusive-or2q
       #:sets:nset-removeq
       #:sets:subsetp
       #:sets:subsetpq
       #:sets:set-equal
       #:sets:set-equalq
       #:sets:transitive-closure
       #:sets:transitive-closureq)
 (sort #:sort:sort-aux
       #:sort:sortl-sort-aux
       #:sort:sortn-sort-aux
       #:sort:sortlt-sort-aux
       #:sort:sortp-sort-aux)
 (stringio #:stringio:aux-error #:stringio:copy-output-buffer)
 (trace build-tracing-fval
        parse-specif
        default-specif
        #:trace:flat
        #:trace:flat-aux
        #:step:steploop
        #:step:stepmargin
        #:step:nobind?)
 (ttywindow #:window:flip-tty #:window:adjust)
 (virbit #:bitmap:create-bitmap
         #:bitmap:ext->int-encode
         #:bitmap:conv-to-hex
         #:bitmap:prin-aux
         #:bitmap:create-bytemap
         #:bitmap:empty-bytemap
         #:bitmap:make-assoc-table
         #:bitmap:matching-color
         #:bitmap:bytes-to-bits)
 (virevent parse-mouse parse-event)
 (virinit #:display:do-close
          #:display:save-a-display
          #:display:save-colortable
          #:display:restore-a-display
          #:display:exchange-and-subst
          #:display:recreate-windows
          #:display:recreate-menus)
 (virmenu insertnth #:menu:itemlist #:menu:item deletenth)
 (virwindow compat-type subwindowp1 #:window:test-window-state)
 (loader #:ldsparc:pc-align
         #:ldsparc:ins
         #:ldsparc:prinhex
         #:ldsparc:prinhexb
         #:ldsparc:error
         #:ldsparc:solve-label
         #:ldsparc:apply-solve-fn
         #:ldsparc:solve-abs
         #:ldsparc:install-in-sethi
         #:ldsparc:high-loc
         #:ldsparc:low-loc
         #:ldsparc:solve-code-abs
         #:ldsparc:sa
         #:ldsparc:aa
         #:ldsparc:solve-22rel
         #:ldsparc:rshiftadr
         #:ldsparc:solve-contig-abs
         #:ldsparc:solve-call-rel
         #:ldsparc:solventry
         #:ldsparc:clean-llitt
         #:ldsparc:machins
         #:ldsparc:register?
         #:ldsparc:movsrc
         #:ldsparc:prepsrc
         #:ldsparc:load32loc
         #:ldsparc:inst
         #:ldsparc:format
         #:ldsparc:1word
         #:ldsparc:getvalue
         #:ldsparc:laddr32loc
         #:ldsparc:load32disp
         #:ldsparc:laddr32
         #:ldsparc:13-bit-positive-value?
         #:ldsparc:add-llitt
         #:ldsparc:add-llitts
         #:ldsparc:load32abs
         #:ldsparc:absolute-reference
         #:ldsparc:valadr
         #:ldsparc:addentry
         #:ldsparc:addlabel
         #:ldsparc:floating-register?
         #:ldsparc:floating-load
         #:ldsparc:store32disp
         #:ldsparc:movdest
         #:ldsparc:floating-store
         #:ldsparc:store32loc
         #:ldsparc:store32abs
         #:ldsparc:nop
         #:ldsparc:compare-and-branch
         #:ldsparc:compare
         #:ldsparc:branch
         #:ldsparc:relative-reference
         #:ldsparc:compare-single-bound
         #:ldsparc:branch-if-inside-range
         #:ldsparc:short-relative-branch
         #:ldsparc:branch-if-outside-range
         #:ldsparc:cnbxxieqn
         #:ldsparc:13-bit-positive-immediate?
         #:ldsparc:cnbxx
         #:ldsparc:sign-extend
         #:ldsparc:13-bit-immediate?
         #:ldsparc:13-bit-value?
         #:ldsparc:comp2float
         #:ldsparc:ll-call-loc
         #:ldsparc:generatecall2subr
         #:ldsparc:macaro1op
         #:ldsparc:movsrcnb
         #:ldsparc:movdestnb
         #:ldsparc:convnb
         #:ldsparc:macaro2op
         #:ldsparc:logop-2op
         #:ldsparc:logop-aux
         #:ldsparc:lshift
         #:ldsparc:lshift-aux
         #:ldsparc:13-bit-negative-immediate?
         #:ldsparc:c-arith-2op
         #:ldsparc:positive-immediate?
         #:ldsparc:arithmetic-shift
         #:ldsparc:constant-arithmetic-shift
         #:ldsparc:log-base-2
         #:ldsparc:instr2float
         #:ldsparc:unrolfloat
         #:ldsparc:rolfloat
         #:ldsparc:laddr32disp
         #:ldsparc:val32abs
         #:ldsparc:ll-call
         #:ldsparc:immediate?
         #:ldsparc:movaheabix
         #:ldsparc:movaheap
         #:ldsparc:macaheap
         #:ldsparc:memory-dump))

