
projectname
lisp
modulesimport
((m_lisp
        loader
        bnkern
        virmacros
        countcalls
        timetrace
        finalize
        maceditor
        macedit
        croch
        lleditor
        complice
        defun
        mvalues
        loadfile
        lledit
        meme
        sets
        topwin
        minimore
        libcir
        libdate
        llmenu
        schedule
        complex
        bnn
        bnz
        bnq
        bngen
        product
        edlin
        evloop
        hash
        ratio
        genr
        format
        stringio
        llcp
        peephole
        cpmac
        pepe
        microceyx
        ttywindow
        debug
        date
        abbrev
        defstruct
        virgraph
        virdraw
        virwindow
        virevent
        virbit
        vircolor
        virutil
        virmenu
        virinit
        virbitmap
        trace
        callext
        array
        sort
        genarith
        setf
        virtty
        path
        defs
        toplevel
        llpboot
        messages
        fasl
        pretty
        files
        module))
modulesexport
((m_lisp
        loader
        loaderesolve
        #:ldsparc:mem
        #:ldsparc:debug
        bnsettozero
        bnassign
        bnsetdigit
        bngetdigit
        bnnumdigits
        bnnumleadingzerobitsindigit
        bndoesdigitfitinword
        bnisdigitzero
        bnisdigitnormalized
        bnisdigitodd
        bncomparedigits
        bncomplement
        bnanddigits
        bnordigits
        bnxordigits
        bnshiftleft
        bnshiftright
        bnaddcarry
        bnadd
        bnsubtractborrow
        bnsubtract
        bnmultiplydigit
        bndividedigit
        bnalloc
        bncreate
        bnfree
        bngettype
        bnsettype
        bngetsize
        #:n:prin
        #:display:defun
        #:display:internal-current-display
        defconstant
        #:display:define-draw
        #:display:define-draw-no-default
        #:display:define-n
        #:display:define-0
        #:display:define-string-func
        #:display:define-graph-env
        #:display:define-default-method
        #:fix:assert
        #:number:assert
        #:string:assert
        #:cons:assert
        #:symbol:assert
        #:vector:assert
        #:mode:assert
        #:pattern:assert
        #:cursor:assert
        #:font:assert
        #:line-style:assert
        #:display:assert
        #:display:assert-current
        #:menu:assert
        #:color:assert
        #:color:assert-mutable
        #:bitmap:assert
        #:bitmap:assert-same-display
        #:bitmap:assert-in
        #:stipple:assert
        #:fill-mode:assert
        #:window:assert
        #:window:assert-same-display
        #:graph-env:assert
        count-calls-printa
        count-calls-printn
        count-calls-infos
        count-calls-stop
        count-calls-start
        count-calls-init
        #:timetrace:stack
        timetrace
        #:timetrace:propa
        #:timetrace:propd
        #:finalize:add-class
        #:finalize:rem-class
        #:finalize:print-infos
        win-clear
        win-right
        win-left
        win-down
        win-up
        win-next
        win-previous
        win-cur-top
        win-ygoto
        win-xgoto
        cur-win-top
        cur-win-buttom
        cur-win-ygoto
        cur-win-xgoto
        query-readfile
        query-writefile
        query-insertfile
        query-search
        query-rsearch
        savefile
        query-goto-line
        exp-eval
        exp-eval-print
        buf-new
        buf-link
        buf-unlink
        buf-readonly
        buf-readwrite
        cur-top
        cur-buttom
        cur-begline
        cur-endline
        cur-left
        cur-right
        cur-up
        cur-down
        cur-ygoto
        cur-xgoto
        char-insert
        char-delete
        char-delete-back
        char-transpose
        word-insert
        word-delete
        word-delete-back
        word-first-char
        word-last-char
        word-left
        word-search
        word-reverse-search
        word-get-symbol
        line-insert
        line-new
        line-break
        line-return
        line-delete
        line-get
        line-bol
        line-eol
        mark-set
        mark-exchange
        mark-copy
        mark-delete
        file-read
        file-insert
        file-print
        begin-expr
        next-expr
        previous-expr
        readbracket
        sequence
        trap-editor
        edit-command-redisplay
        edit-print-query
        init-editor
        bind-to-key
        bind-to-ekey
        bind-to-xkey
        local-bind-to-key
        local-bind-to-ekey
        local-bind-to-xkey
        #:edit:editor:edit-query
        #:edit:editor:edit-redisplaystring
        #:edit:editor:edit-redisplaycleol
        #:edit:editor:edit-drawcursor
        #:edit:editor:prin
        #:edit:editor:make
        #:edit:editor:bol
        #:edit:editor:eol
        #:edit:editor:syserror
        #:edit-print-query:eol
        edit-eval-redisplay
        listify
        arg
        setarg
        lambda
        defun
        #:maclisp:defun:kwd-bind-key
        #:maclisp:lexpr:aux
        values
        values-list
        multiple-value-list
        multiple-value-call
        multiple-value-prog1
        multiple-value-bind
        multiple-value-setq
        #:system:loadfile:bol
        #:system:loadfile:eof
        #:system:loadfile:syserror
        loadfile
        trap-edit
        #:buffer:make
        meme
        #:edit:editor:meme:edit-drawcursor
        trap-meme
        #:edit:editor:meme:edit-query
        #:edit:editor:meme:trap-query
        #:edit:editor:meme:edit-redisplaystring
        #:edit:editor:meme:edit-redisplaycleol
        #:edit:editor:meme:query-drawcursor
        intersection
        nintersection
        union
        nunion
        set-difference
        nset-difference
        set-exclusive-or
        nset-exclusive-or
        adjoin
        subsetp
        set-equal
        transitive-closure
        power-set
        cartesian-product
        topwindow
        more
        morend
        #:minimore:bol
        #:minimore:eol
        cirprint
        cirprin
        cirprinflush
        cirnequal
        cirequal
        circopy
        #:libcir:double
        #:libcir:replace
        long-string-date
        number-to-date
        date-to-number
        eqdate
        =date
        <date
        <=date
        >date
        >=date
        /=date
        date-of-file
        #:bitmap:create-menu
        #:menu:llmenu:kill-menu
        #:menu:llmenu:activate-menu
        #:menu:llmenu:menu-insert-item
        #:menu:llmenu:menu-insert-item-list
        #:menu:llmenu:menu-delete-item
        #:menu:llmenu:menu-delete-item-list
        #:menu:llmenu:menu-modify-item
        #:menu:llmenu:menu-modify-item-list
        clock
        clockstart
        clockstop
        parallel
        parallelvalues
        tryinparallel
        progn-no-suspend
        letparallel
        complexp
        realp
        realpart
        imagpart
        conjugate
        sinh
        cosh
        tanh
        asinh
        acosh
        atanh
        tan
        makecomplex
        #:r:c:realp
        #:r:c:float
        #:r:c:truncate
        #:r:c:<?>
        #:r:c:|+|
        #:r:c:|0-|
        #:r:c:*
        #:r:c:1/
        #:r:c:prin
        #:r:c:abs
        phase
        signum
        cis
        #:r:c:log
        #:r:c:exp
        #:r:c:sqrt
        #:r:c:sin
        #:r:c:cos
        #:r:c:atan
        #:r:log
        #:fix:log
        #:float:log
        #:r:sqrt
        #:fix:sqrt
        #:float:sqrt
        #:r:asin
        #:fix:asin
        #:float:asin
        #:r:acos
        #:fix:acos
        #:float:acos
        #:r:|+|
        #:r:*
        #:r:<?>
        bniszero
        bncompare
        bnnumbitsindigit
        bnnumbits
        bndivide
        bnmultiply
        bnmultiplyplain
        bnmultiplykaratsuba
        bnkaraswitch
        #:n:boot
        bzcopy
        bznegate
        bzabs
        bzsign
        bzcompare
        bzadd
        bzsubtract
        bzmultiply
        bzdiv
        bzdivide
        bzmod
        bnconvert
        #:fix:|+|
        #:fix:|-|
        #:fix:*
        #:fix:quomod
        #:r:q:integerp
        #:r:q:truncate
        #:r:q:n:abs
        #:r:q:n:|0-|
        #:r:q:n:float
        #:r:q:n:<?>
        #:r:q:n:|+|
        #:r:q:n:|-|
        #:r:q:n:*
        #:r:q:n:quomod
        entretampon
        #:r:q:z:abs
        #:r:q:z:|0-|
        #:r:q:z:float
        #:r:q:z:<?>
        #:r:q:z:|+|
        #:r:q:z:|-|
        #:r:q:z:*
        #:r:q:n:sqrt
        #:r:q:z:quomod
        pgcd
        gcd
        fib
        nfib
        fact
        nfact
        even?
        **
        #:r:q:n:prin
        #:r:q:z:prin
        #:r:q:boot
        #:sharp:|{|
        numerator
        denominator
        #:fix:1/
        #:fix:/
        #:r:q:quomod
        #:r:q:rationalp
        #:r:q:n:1/
        #:r:q:z:1/
        #:r:q:/:integerp
        #:r:q:/:1/
        #:r:q:/:|0-|
        #:r:q:/:abs
        #:r:q:/:floor
        #:r:q:/:truncate
        #:r:q:/:float
        #:r:q:/:<?>
        #:r:q:/:|+|
        #:r:q:/:*
        #:r:q:/:sqrt
        #:r:q:/:prin
        floor
        #:r:error
        ceiling
        round
        precision
        #:r:|-|
        #:r:/
        #:r:quomod
        #:r:eval
        #:r:numberp
        #:r:integerp
        #:r:rationalp
        #:r:truncate
        #:float:*
        #:float:|+|
        #:float:<?>
        #:float:quomod
        #:float:truncate
        #:float:floor
        #:fix:<?>
        product-build-info
        product-id
        set-product-id
        product-date
        set-product-date
        product-version
        set-product-version
        product-subversion
        set-product-subversion
        product-comment
        set-product-comment
        product-all-names
        product-print
        #:edlin:bol
        #:edlin:move
        #:edlin:delete
        edlin
        edlinend
        #:event-loop:tty-input
        evloop-set-timeout
        evloop-select
        evloop-initialized-p
        evloop-remove-input
        evloop-stop
        evloop-wait
        evloop-readp
        evloop-add-input
        evloop-change-manage-function
        evloop-add-output
        evloop-remove-output
        evloop-change-output-manage-function
        evloop_build_mask
        evloop_mask_to_fds
        #:tty:evloop:tyi
        evloop-allow-tty-input
        evloop-disallow-tty-input
        evloop-restart
        evloop-init
        evloop-input-managed-p
        evloop-set-timeout-handler
        evloop-add-display
        evloop-remove-display
        evloop-display-managed-p
        #:event-loop:evloop-display-manage
        hash-table-p
        make-hash-table
        make-hash-table-eq
        make-hash-table-equal
        #:sharp:h
        puthash
        sxhash
        #:hash-table:print-stat
        gethash
        inchash
        dechash
        remhash
        maphash
        clrhash
        hash-table-count
        hash-table-values
        #:hash-table:vect
        #:hash-table:prin
        #:hash-table:eval
        pgcd
        gcd
        fib
        fact
        numerator
        denominator
        even?
        #:r:q:rationalp
        #:r:q:n:integerp
        #:r:q:z:integerp
        #:r:q:/:integerp
        #:r:q:n:abs
        #:r:q:z:abs
        #:r:q:/:abs
        #:r:q:truncate
        #:r:q:/:truncate
        #:r:q:n:float
        #:r:q:z:float
        #:r:q:/:float
        #:r:q:n:|0-|
        #:r:q:z:|0-|
        #:r:q:/:|0-|
        #:r:q:n:1/
        #:r:q:z:1/
        #:r:q:/:1/
        #:r:q:n:<?>
        #:r:q:z:<?>
        #:r:q:/:<?>
        #:r:q:n:|+|
        #:r:q:z:|+|
        #:r:q:/:|+|
        #:r:q:n:*
        #:r:q:z:*
        #:r:q:/:*
        #:r:q:n:quomod
        #:r:q:z:quomod
        #:r:q:n:prin
        #:r:q:z:prin
        #:r:q:/:prin
        #:fix:|+|
        #:fix:|-|
        #:fix:/
        #:fix:1/
        #:fix:*
        #:fix:quomod
        #:float:truncate
        #:float:quomod
        **
        precision
        #:r:|+|
        #:r:|-|
        #:r:*
        #:r:/
        #:r:<?>
        #:r:quomod
        #:r:power
        #:r:rationalp
        #:r:numberp
        #:r:eval
        #:r:integerp
        #:r:|0-|
        #:r:1/
        #:r:truncate
        #:r:exp
        #:r:log
        #:r:sqrt
        #:r:atan
        #:r:sin
        #:r:asin
        #:r:cos
        #:r:acos
        #:r:error
        #:float:<?>
        #:fix:<?>
        format
        prinf
        printf
        read-from-string
        with-input-from-string
        print-to-string
        with-output-to-string
        #:stringio:bol
        #:stringio:in:bol
        #:stringio:in:syserror
        #:stringio:out:eol
        #:stringio:out:flush
        #:stringio:out:syserror
        dont-compile
        compile
        compiler
        #:compiler:macroexpand
        #:compiler:peephole
        compilefiles
        compile-all-in-core
        defmacro-open
        make-macro-open
        macro-openp
        remove-macro-open
        #:compiler:macro-expand-error
        #:compiler:peephole
        defmacro-open
        make-macro-open
        macro-openp
        remove-macro-open
        #:compiler:macroexpand
        pepe
        pepefile
        #:pepe:clrscreen
        #:pepe:readfile
        #:pepe:redisplay
        #:pepe:fillminibufnb
        #:pepe:pepecmd
        #:pepe:insertchar
        pepend
        defkey
        defesckey
        #:pepe:eval:eol
        #:pepe:escommand
        #:pepe:trueredisplay
        #:pepe:fillminibuf
        #:pepe:more
        #:pepe:readname
        #:pepe:deadend
        #:pepe:currentline
        #:pepe:currentlines
        #:pepe:cursor
        #:pepe:bolp
        #:pepe:eolp
        #:pepe:bobp
        #:pepe:eobp
        #:pepe:bosp
        #:pepe:eosp
        #:pepe:left
        #:pepe:up
        #:pepe:endline
        #:pepe:right
        #:pepe:begline
        #:pepe:down
        #:pepe:nextscreen
        #:pepe:prevscreen
        #:pepe:deletechar
        #:pepe:breakline
        #:pepe:killine
        #:pepe:search
        #:pepe:gotoabs
        #:pepe:matchparent
        #:pepe:curlexnext
        #:pepe:curchar
        #:pepe:writefile
        #:pepe:insertfile
        #:pepe:backup
        #:pepe:help
        #:pepe:evalbuffer
        #:pepe:evalbuffer:bol
        #:pepe:evalbuffer:syserror
        #:pepe:evalbuffer:eol
        deftclass
        tclass-namep
        defrecord
        record-namep
        field-list
        defmake
        omakeq
        ogetq
        oputq
        omatchq
        demethod
        send-error
        sendq
        sendf
        sendfq
        plink
        (structure #:image:rectangle:window:tty)
        #:image:rectangle:window:tty:itsoft
        #:image:rectangle:window:tty:tty
        #:image:rectangle:window:tty:tyshowcursor
        #:image:rectangle:window:tty:rmargin
        #:image:rectangle:window:tty:lmargin
        #:image:rectangle:window:tty:cy
        #:image:rectangle:window:tty:cx
        #:image:rectangle:window:tty:state
        #:image:rectangle:window:tty:graphic-properties
        #:image:rectangle:window:tty:window-type
        #:image:rectangle:window:tty:events-list
        #:image:rectangle:window:tty:subwindows
        #:image:rectangle:window:tty:display
        #:image:rectangle:window:tty:cursor
        #:image:rectangle:window:tty:properties
        #:image:rectangle:window:tty:father
        #:image:rectangle:window:tty:extend
        #:image:rectangle:window:tty:graph-env
        #:image:rectangle:window:tty:visible
        #:image:rectangle:window:tty:hilited
        #:image:rectangle:window:tty:title
        #:image:rectangle:window:tty:h
        #:image:rectangle:window:tty:w
        #:image:rectangle:window:tty:y
        #:image:rectangle:window:tty:x
        #:image:rectangle:window:tty:make
        #:image:rectangle:window:tty:create
        #:image:rectangle:window:tty:current-window
        #:image:rectangle:window:tty:uncurrent-window
        #:image:rectangle:window:tty:modify-window
        #:tty:window:tycn
        #:tty:window:tystring
        #:tty:window:tynewline
        #:tty:window:tybs
        #:tty:window:tycr
        #:tty:window:tycleol
        #:tty:window:tycls
        #:tty:window:tyattrib
        #:tty:window:tyi
        #:tty:window:tys
        #:tty:window:tycursor
        #:tty:window:tyback
        #:tty:window:tydelcn
        #:tty:window:tyinscn
        debug
        break
        debug-command
        #:system:debug:up-stack
        printstack
        #:system:debug:bol
        #:system:debug:toplevel
        #:system:debug:hilited:prin
        #:system:debug:print-current-variables
        #:system:debug:printstack
        #:system:debug:print-error
        #:system:debug:print-current-function
        #:system:debug:down-stack
        #:system:debug:continue
        #:system:debug:help
        #:tty:system:hilited:tyattrib
        #:system:debug:hilited:eol
        (structure date)
        #:date:week-day
        #:date:msecond
        #:date:second
        #:date:minute
        #:date:hour
        #:date:day
        #:date:month
        #:date:year
        #:date:make
        create-date
        week-day-number
        datep
        leap-number
        year-day-number
        month-length
        leap-year-p
        short-string-date
        #:date:prin
        defabbrev
        put-abbrev
        rem-abbrev
        get-abbrev
        abbrevp
        has-an-abbrev
        #:symbol:prin
        structurep
        defstruct
        new
        create-stipple
        create-stipple16
        make-stipple-bitmap
        make-stipple
        make-stipple-2
        current-stipple
        current-fill-mode
        kill-stipple
        graph-env-stipple
        graph-env-fill-mode
        #:display:create-stipple
        #:display:kill-stipple
        #:display:current-fill-mode
        #:display:current-stipple
        #:display:graph-env-stipple
        #:display:graph-env-fill-mode
        #:display:font-ascent
        #:display:font-height
        current-foreground
        current-background
        clear-graph-env
        current-clip
        current-font
        font-max
        load-font
        font-name
        font-height
        font-ascent
        width-substring
        height-substring
        x-base-substring
        y-base-substring
        x-inc-substring
        y-inc-substring
        current-line-style
        line-style-max
        current-pattern
        pattern-max
        make-pattern
        current-mode
        width-space
        height-space
        x-base-space
        y-base-space
        cursor-max
        current-cursor
        move-cursor
        cursor-name
        make-cursor
        make-named-cursor
        make-line-style
        graph-env-line-style
        graph-env-set-clip
        make-graph-env
        kill-graph-env
        graph-env-font
        graph-env-mode
        graph-env-pattern
        graph-env-background
        graph-env-foreground
        #:display:make-line-style
        #:display:graph-env-set-clip
        #:display:make-graph-env
        #:display:kill-graph-env
        #:display:current-foreground
        #:display:current-background
        #:display:clear-graph-env
        #:display:current-clip
        #:display:current-font
        #:display:font-max
        #:display:load-font
        #:display:width-substring
        #:display:height-substring
        #:display:x-base-substring
        #:display:y-base-substring
        #:display:x-inc-substring
        #:display:y-inc-substring
        #:display:current-line-style
        #:display:line-style-max
        #:display:current-pattern
        #:display:pattern-max
        #:display:make-pattern
        #:display:current-mode
        #:display:cursor-max
        #:display:make-cursor
        #:display:make-named-cursor
        #:display:current-cursor
        #:display:cursor-name
        #:display:move-cursor
        #:display:graph-env-font
        #:display:graph-env-mode
        #:display:graph-env-pattern
        #:display:graph-env-foreground
        #:display:graph-env-background
        #:display:graph-env-set-clips
        graph-env-set-clips
        current-graph-env
        graph-env-change-values
        #:display:graph-env-change-values
        graph-env-subwindow-mode
        #:display:graph-env-subwindow-mode
        #:display:graph-env-line-style
        display-get-font-names
        display-get-font-info
        #:display:get-font-names
        #:display:get-font-info
        draw-cursor
        draw-substring
        draw-cn
        draw-substring-nobackground
        draw-cn-nobackground
        #:display:draw-substring-nobackground
        #:display:draw-cn-nobackground
        draw-point
        draw-polymarker
        draw-line
        draw-polyline
        draw-rectangle
        fill-rectangle
        fill-area
        draw-ellipse
        fill-ellipse
        draw-circle
        fill-circle
        #:display:draw-cursor
        #:display:draw-cn
        #:display:draw-substring
        #:display:draw-point
        #:display:draw-polymarker
        #:display:draw-line
        #:display:draw-polyline
        #:display:draw-rectangle
        #:display:fill-area
        #:display:fill-rectangle
        #:display:draw-ellipse
        #:display:fill-ellipse
        #:display:fill-circle
        #:display:draw-circle
        draw-string
        fill-arc
        draw-arc
        draw-segments
        #:display:draw-arc
        #:display:draw-segments
        #:display:fill-arc
        highlight-rectangle
        #:display:highlight-rectangle
        draw-rectangles
        #:display:draw-rectangles
        fill-rectangles
        #:display:fill-rectangles
        #:window:create
        #:window:prin
        #:image:rectangle:window:prin
        create-window
        create-subwindow
        make-window
        current-window
        modify-window
        update-window
        kill-window
        current-keyboard-focus-window
        pop-window
        move-behind-window
        find-window
        map-window
        windowp
        subwindowp
        check-window-position
        define-window-property-accessor
        #:image:rectangle:window:set-property
        #:image:rectangle:window:create
        #:image:rectangle:window:make-window
        #:image:rectangle:window:current-window
        #:image:rectangle:window:uncurrent-window
        #:image:rectangle:window:modify-window
        #:image:rectangle:window:update-window
        #:image:rectangle:window:kill-window
        #:image:rectangle:window:pop-window
        #:image:rectangle:window:move-behind-window
        #:image:rectangle:window:current-keyboard-focus-window
        #:image:rectangle:window:uncurrent-keyboard-focus-window
        #:image:rectangle:window:map-window
        move-window
        resize-window
        move-resize-window
        window-events-list
        window-title
        window-state
        window-background
        window-border
        #:image:rectangle:window:move-window
        #:image:rectangle:window:resize-window
        #:image:rectangle:window:move-resize-window
        #:image:rectangle:window:window-events-list
        #:image:rectangle:window:window-title
        #:image:rectangle:window:window-state
        #:image:rectangle:window:window-background
        #:image:rectangle:window:window-border
        window-clear-region
        #:image:rectangle:window:window-clear-region
        window-graph-env
        #:image:rectangle:window:window-graph-env
        window-change-attributes
        #:image:rectangle:window:window-change-attributes
        which-window
        read-mouse
        event-mode
        eventp
        read-event
        peek-event
        local-read-event
        flush-event
        add-event
        grab-event
        ungrab-event
        itsoft-event
        allow-event
        disallow-event
        allowed-event-p
        #:display:event-mode
        #:display:eventp
        #:display:read-event
        #:display:peek-event
        #:display:flush-event
        #:display:add-event
        #:display:grab-event
        #:display:ungrab-event
        #:display:isoft-event
        #:display:allow-event
        #:display:disallow-event
        #:display:allowed-event-p
        #:display:read-mouse
        #:bitmap:bits
        create-bitmap
        window-bitmap
        kill-bitmap
        bmref
        bmset
        bitblit
        #:sharp:*
        #:bitvector:read
        #:sharp:b
        #:bitvector:prin
        #:bitmap:prin
        byteref
        byteset
        #:bitmap:bytemap:prin
        #:bitmap:bytes
        create-bytemap
        substitute-color
        subst-colors
        bitmap-prologue
        #:display:subst-colors
        #:color:prin
        make-color
        make-mutable-color
        make-named-color
        kill-color
        red-component
        blue-component
        green-component
        all-colors
        name-to-rgb
        get-rgb-values
        current-display
        #:image:rectangle:make
        #:image:rectangle:window:make
        #:menu:make
        #:menu:item:make
        #:menu:itemlist:make
        #:graph-env:make
        #:color:make
        #:bitmap:make
        #:bitmap:stipple:make
        #:bitmap:bytemap:make
        #:window:background
        #:font-info:make
        #:event:make
        create-menu
        menu-insert-item-list
        menu-insert-item
        kill-menu
        activate-menu
        menu-delete-item-list
        menu-delete-item
        menu-modify-item-list
        menu-modify-item
        inibitmap
        bitprologue
        #:display:bitprologue
        bitepilogue
        #:display:bitepilogue
        bitmap-save
        standard-roman-font
        standard-bold-font
        large-roman-font
        small-roman-font
        bitmap-restore
        root-window
        standard-foreground
        standard-background
        bitxmax
        bitymax
        bitmap-refresh
        bitmap-flush
        bitmap-sync
        standard-foreground-pattern
        standard-background-pattern
        standard-medium-gray-pattern
        standard-light-gray-pattern
        standard-dark-gray-pattern
        standard-lelisp-cursor
        standard-gc-cursor
        standard-busy-cursor
        #:display:bitmap-save
        #:display:bitmap-restore
        #:display:current-display
        #:display:prin
        display-get-selection
        display-store-selection
        #:display:get-selection
        #:display:store-selection
        display-depth
        #:display:display-depth
        #:display:bitmap-refresh
        #:display:bitmap-flush
        #:display:bitmap-sync
        #:display:standard-roman-font
        #:display:standard-bold-font
        #:display:large-roman-font
        #:display:small-roman-font
        #:display:standard-foreground-pattern
        #:display:standard-background-pattern
        #:display:standard-medium-gray-pattern
        #:display:standard-light-gray-pattern
        #:display:standard-dark-gray-pattern
        #:display:standard-lelisp-cursor
        #:display:standard-gc-cursor
        #:display:standard-busy-cursor
        display-synchronize
        #:display:synchronize
        default-window-type
        #:display:default-window-type
        (structure font-info)
        (structure event)
        (structure #:image:rectangle)
        (structure display)
        #:font-info:maxwidth
        #:font-info:maxdescent
        #:font-info:maxascent
        #:font-info:maxlbearing
        #:font-info:maxrbearing
        #:font-info:minwidth
        #:font-info:mindescent
        #:font-info:minascent
        #:font-info:minlbearing
        #:font-info:minrbearing
        #:font-info:weight
        #:font-info:angle
        #:font-info:descent
        #:font-info:ascent
        #:font-info:make
        #:image:rectangle:h
        #:image:rectangle:w
        #:image:rectangle:y
        #:image:rectangle:x
        #:image:rectangle:make
        #:event:b
        #:event:h
        #:event:w
        #:event:y
        #:event:x
        #:event:gy
        #:event:gx
        #:event:detail
        #:event:window
        #:event:code
        #:event:make
        #:display:stipple-bitmaps
        #:display:named-cursors
        #:display:resource
        #:display:current-selection
        #:display:graph-envs
        #:display:extend
        #:display:cursor-bitmaps
        #:display:pattern-bitmaps
        #:display:font-names
        #:display:colors
        #:display:menus
        #:display:bitmaps
        #:display:windows
        #:display:foreground
        #:display:background
        #:display:main-graph-env
        #:display:root-window
        #:display:graph-env
        #:display:window
        #:display:keyboard-focus-window
        #:display:prologuep
        #:display:eventmode
        #:display:ymax
        #:display:xmax
        #:display:device
        #:display:package
        #:display:name
        #:display:make
        #:image:rectangle:window:title
        #:image:rectangle:window:hilited
        #:image:rectangle:window:visible
        #:image:rectangle:window:graph-env
        #:image:rectangle:window:extend
        #:image:rectangle:window:father
        #:image:rectangle:window:properties
        #:image:rectangle:window:cursor
        #:image:rectangle:window:display
        #:image:rectangle:window:subwindows
        #:image:rectangle:window:events-list
        #:image:rectangle:window:window-type
        #:image:rectangle:window:graphic-properties
        #:image:rectangle:window:state
        #:color:name
        #:color:red
        #:color:green
        #:color:blue
        #:color:mutable
        #:color:display
        #:color:extend
        #:graph-env:font
        #:graph-env:line-style
        #:graph-env:pattern
        #:graph-env:mode
        #:graph-env:foreground
        #:graph-env:background
        #:graph-env:clip-x
        #:graph-env:clip-y
        #:graph-env:clip-w
        #:graph-env:clip-h
        #:graph-env:bitmap
        #:graph-env:display
        #:graph-env:extend
        #:graph-env:fill-mode
        #:graph-env:stipple
        #:menu:title
        #:menu:itemlists
        #:menu:display
        #:menu:extend
        #:menu:itemlist:name
        #:menu:itemlist:active
        #:menu:itemlist:items
        #:menu:item:name
        #:menu:item:active
        #:menu:item:value
        #:bitmap:w
        #:bitmap:h
        #:bitmap:extend
        #:bitmap:display
        #:bitmap:stipple:data
        #:window:events-list
        #:window:background
        #:window:window-type
        #:window:graphic-properties
        #:window:state
        #:window:make
        #:window:left
        #:window:top
        #:window:width
        #:window:height
        #:window:title
        #:window:hilited
        #:window:visible
        #:window:graph-env
        #:window:extend
        #:window:father
        #:window:properties
        #:window:cursor
        #:window:display
        #:window:subwindows
        trace
        #:trace:trace-one
        #:trace:untrace-one
        untrace
        step
        unstep
        cstep
        #:step:stepeval
        tracend
        stepend
        debugend
        #:trace:output
        defextern
        getinlib
        buildextern
        #:system:cached-getglobal
        cload
        defextern-cache
        calllibextern
        makearray
        aref
        aset
        sort
        sortl
        sortn
        sortlt
        sortp
        pkgcmp
        #:genarith:|+|
        #:genarith:|-|
        #:genarith:*
        #:genarith:/
        #:genarith:quomod
        floor
        #:genarith:|0-|
        #:genarith:1/
        ceiling
        round
        setf
        get-setf-method
        defsetf
        define-setf-method
        push-setf-inverse
        system-put
        push-setf-method
        push-setf-expander
        define-modify-macro
        #:setf:make-call
        tyod
        #:tty:tyod
        typrologue
        tyepilogue
        tycleol
        tycleos
        tybeep
        tyinsch
        tydelch
        tyinscn
        tydelcn
        #:tty:tyinscn
        tyerror
        #:tty:tydelcn
        tyinsln
        tydelln
        tyattrib
        tybs
        tycr
        tyshowcursor
        tyname
        tyxmax
        tyymax
        tyupkey
        tydownkey
        tyleftkey
        tyrightkey
        #:tty:typrologue
        #:tty:tyepilogue
        #:tty:tycleol
        #:tty:tycleos
        #:tty:tybeep
        #:tty:tyinsch
        #:tty:tydelch
        #:tty:tyinsln
        #:tty:tydelln
        #:tty:tyattrib
        #:tty:tybs
        #:tty:tycr
        #:tty:tyshowcursor
        tyco
        tycot
        initty
        #:tty:tyerror
        to-tty
        get-tty
        pathnamep
        namestring
        pathname
        #:unix:pathname
        set-pathname-device
        equal-pathname
        copy-pathname
        pathname-directory
        set-pathname-directory
        user-homedir-pathname
        control-file-pathname
        merge-pathnames
        temporary-file-pathname
        portable-pathname-p
        pathname-host
        pathname-device
        pathname-name
        pathname-type
        pathname-version
        set-pathname-host
        set-pathname-name
        set-pathname-type
        set-pathname-version
        #:pathname:make
        make-pathname
        file-namestring
        directory-namestring
        host-namestring
        combine-pathnames
        enough-namestring
        device-namestring
        #:pathname:prin
        true-pathname
        current-directory
        directoryp
        expand-pathname
        map-expand-pathname
        wildcard
        coerce-namestring
        macroexpand
        macroexpand1
        with
        resetfn
        de
        df
        dm
        dmd
        defmacro
        defun
        ds
        letn
        slet
        for
        ifor
        ffor
        closure
        prog
        prog*
        do
        do*
        backtrack
        catch-all-but
        dynamic
        catcherror
        errset
        err
        break
        syserror
        printerror
        toplevel
        setfn
        #:llpatch:new-rmargin
        lmnumb
        lmsymb
        record-language
        remove-language
        message-languages
        current-language
        get-message-p
        get-message
        put-message
        #:messages:put-message
        remove-message
        get-all-messages
        defmessage
        #:sharp:m
        default-language
        #:fasl:fasl-write-block
        #:fasl:fasl-memo-eval-block
        #:fasl:fasl-record-fentry
        #:fasl:fasl-record-literal-reference
        #:fasl:fasl-record-symbol-reference
        #:fasl:fasl-emit-title-block
        pretty
        pprint
        pprin
        prettyf
        prettyend
        #:pretty:eol
        probepathf
        search-in-path
        probepathm
        probepatho
        load
        loadfile
        libload
        libloadfile
        loadobjectfile
        autoload
        libautoload
        #:system:std-autoload
        featurep
        add-feature
        rem-feature
        list-features
        readdefmodule
        getdefmodule
        setdefmodule
        printdefmodule
        #:module:bol
        loadmodule
        autoloadmodule
        #:module:std-autoload
        autoloadp))
modulesotherdef
((m_lisp |}| |{| #:sharp:h))
modulesinternal
()

